
=============
== PyTorch ==
=============

NVIDIA Release 24.02 (build 82611821)
PyTorch Version 2.3.0a0+ebedce2
Container image Copyright (c) 2024, NVIDIA CORPORATION & AFFILIATES. All rights reserved.
Copyright (c) 2014-2024 Facebook Inc.
Copyright (c) 2011-2014 Idiap Research Institute (Ronan Collobert)
Copyright (c) 2012-2014 Deepmind Technologies    (Koray Kavukcuoglu)
Copyright (c) 2011-2012 NEC Laboratories America (Koray Kavukcuoglu)
Copyright (c) 2011-2013 NYU                      (Clement Farabet)
Copyright (c) 2006-2010 NEC Laboratories America (Ronan Collobert, Leon Bottou, Iain Melvin, Jason Weston)
Copyright (c) 2006      Idiap Research Institute (Samy Bengio)
Copyright (c) 2001-2004 Idiap Research Institute (Ronan Collobert, Samy Bengio, Johnny Mariethoz)
Copyright (c) 2015      Google Inc.
Copyright (c) 2015      Yangqing Jia
Copyright (c) 2013-2016 The Caffe contributors
All rights reserved.

Various files include modifications (c) NVIDIA CORPORATION & AFFILIATES.  All rights reserved.

This container image and its contents are governed by the NVIDIA Deep Learning Container License.
By pulling and using the container, you accept the terms and conditions of this license:
https://developer.nvidia.com/ngc/nvidia-deep-learning-container-license

=== Installing Python dependencies ===
WARNING: Running pip as the 'root' user can result in broken permissions and conflicting behaviour with the system package manager. It is recommended to use a virtual environment instead: https://pip.pypa.io/warnings/venv

[notice] A new release of pip is available: 24.0 -> 25.3
[notice] To update, run: python -m pip install --upgrade pip

=== Adding vendor paths to Python path ===

=== Running Megatron inference ===
Checkpoint not found to provide arguments, using provided arguments.
using world size: 1, data-parallel size: 1, context-parallel size: 1, hierarchical context-parallel sizes: Nonetensor-model-parallel size: 1, encoder-tensor-model-parallel size: 0, pipeline-model-parallel size: 1, encoder-pipeline-model-parallel size: 0
WARNING: overriding default arguments for exit_on_missing_checkpoint:True                        with exit_on_missing_checkpoint:False
WARNING: overriding default arguments for tokenizer_type:GPT2BPETokenizer                        with tokenizer_type:GPT2BPETokenizer
setting global batch size to 1
Number of virtual stages per pipeline stage: None
using torch.float32 for parameters ...
Traceback (most recent call last):
  File "/workspace/scripts/run_megatron_inference_simple.py", line 225, in <module>
    main()
  File "/workspace/scripts/run_megatron_inference_simple.py", line 207, in main
    initialize_megatron(
  File "/workspace/vendor/LLaVA-OneVision/aiak_megatron/megatron/training/initialize.py", line 82, in initialize_megatron
    validate_args(args, args_defaults)
  File "/workspace/vendor/LLaVA-OneVision/aiak_megatron/megatron/training/arguments.py", line 605, in validate_args
    assert args.encoder_num_layers is not None, \
AssertionError: either num-layers or encoder-num-layers should be specified
